
> build
> vite build

[36mvite v7.3.2 [32mbuilding client environment for production...[36m[39m
transforming...
[32mΓ£ô[39m 1852 modules transformed.
node.exe : [31mΓ£ù[39m Build failed in 4.65s
At line:1 char:1
+ & "C:\Program Files\nodejs/node.exe" "C:\Program Files\nodejs/node_mo ...
+ ~~~~~~~~~~~~~~~~~~~~~~~~~~~~~~~~~~~~~~~~~~~~~~~~~~~~~~~~~~~~~~~~~~~~~
    + CategoryInfo          : NotSpecified: ([31mΓ£ù[39m Build failed in 4.65s:String) [], RemoteException
    + FullyQualifiedErrorId : NativeCommandError
 
[31merror during build:
[31msrc/routes/index.tsx?tsr-split=component (6:9): "Products" is not exported by "src/components/site/products.ts", 
imported by "src/routes/index.tsx?tsr-split=component".[31m
file: [36mC:/Users/nafiy/OneDrive/Desktop/gumara-feed-landing-main/src/routes/index.tsx?tsr-split=component:6:9[31m
[33m
4: import { Hero } from "@/components/site/Hero";
5: import { About } from "@/components/site/About";
6: import { Products } from "@/components/site/Products";
            ^
7: import { Visit } from "@/components/site/Visit";
8: import { Footer } from "@/components/site/Footer";
[31m
    at getRollupError (file:///C:/Users/nafiy/OneDrive/Desktop/gumara-feed-landing-main/node_modules/rollup/dist/es/sha
red/parseAst.js:406:41)
    at error (file:///C:/Users/nafiy/OneDrive/Desktop/gumara-feed-landing-main/node_modules/rollup/dist/es/shared/parse
Ast.js:402:42)
    at Module.error (file:///C:/Users/nafiy/OneDrive/Desktop/gumara-feed-landing-main/node_modules/rollup/dist/es/share
d/node-entry.js:17380:16)
    at Module.traceVariable (file:///C:/Users/nafiy/OneDrive/Desktop/gumara-feed-landing-main/node_modules/rollup/dist/
es/shared/node-entry.js:17813:29)
    at ModuleScope.findVariable (file:///C:/Users/nafiy/OneDrive/Desktop/gumara-feed-landing-main/node_modules/rollup/d
ist/es/shared/node-entry.js:15403:39)
    at FunctionScope.findVariable (file:///C:/Users/nafiy/OneDrive/Desktop/gumara-feed-landing-main/node_modules/rollup
/dist/es/shared/node-entry.js:5676:38)
    at FunctionBodyScope.findVariable (file:///C:/Users/nafiy/OneDrive/Desktop/gumara-feed-landing-main/node_modules/ro
llup/dist/es/shared/node-entry.js:5676:38)
    at Identifier.bind (file:///C:/Users/nafiy/OneDrive/Desktop/gumara-feed-landing-main/node_modules/rollup/dist/es/sh
ared/node-entry.js:5450:40)
    at CallExpression.bind (file:///C:/Users/nafiy/OneDrive/Desktop/gumara-feed-landing-main/node_modules/rollup/dist/e
s/shared/node-entry.js:2828:28)
    at CallExpression.bind (file:///C:/Users/nafiy/OneDrive/Desktop/gumara-feed-landing-main/node_modules/rollup/dist/e
s/shared/node-entry.js:12512:15)[39m
